// Jest Snapshot v1, https://goo.gl/fbAQLP

exports[`KML parser should read file and return correct geoJSON 1`] = `
Object {
  "features": Array [
    Object {
      "geometry": Object {
        "coordinates": Array [
          6.0944,
          59.04865,
          0,
        ],
        "type": "Point",
      },
      "properties": Object {
        "name": "1",
        "styleHash": "-68688fa4",
        "styleMapHash": Object {
          "highlight": "#icon-1899-0288D1-nodesc-highlight",
          "normal": "#icon-1899-0288D1-nodesc-normal",
        },
        "styleUrl": "#icon-1899-0288D1-nodesc",
      },
      "type": "Feature",
    },
    Object {
      "geometry": Object {
        "coordinates": Array [
          6.19825,
          59.06462,
          0,
        ],
        "type": "Point",
      },
      "properties": Object {
        "name": "2",
        "styleHash": "-68688fa4",
        "styleMapHash": Object {
          "highlight": "#icon-1899-0288D1-nodesc-highlight",
          "normal": "#icon-1899-0288D1-nodesc-normal",
        },
        "styleUrl": "#icon-1899-0288D1-nodesc",
      },
      "type": "Feature",
    },
    Object {
      "geometry": Object {
        "coordinates": Array [
          6.32065,
          59.08952,
          0,
        ],
        "type": "Point",
      },
      "properties": Object {
        "name": "3",
        "styleHash": "-68688fa4",
        "styleMapHash": Object {
          "highlight": "#icon-1899-0288D1-nodesc-highlight",
          "normal": "#icon-1899-0288D1-nodesc-normal",
        },
        "styleUrl": "#icon-1899-0288D1-nodesc",
      },
      "type": "Feature",
    },
    Object {
      "geometry": Object {
        "coordinates": Array [
          6.50057,
          59.14423,
          0,
        ],
        "type": "Point",
      },
      "properties": Object {
        "name": "4",
        "styleHash": "-68688fa4",
        "styleMapHash": Object {
          "highlight": "#icon-1899-0288D1-nodesc-highlight",
          "normal": "#icon-1899-0288D1-nodesc-normal",
        },
        "styleUrl": "#icon-1899-0288D1-nodesc",
      },
      "type": "Feature",
    },
  ],
  "type": "FeatureCollection",
}
`;

exports[`KML parser should read file and return list of points 1`] = `
Array [
  Object {
    "lat": 59.04865,
    "lon": 6.0944,
    "name": "1",
  },
  Object {
    "lat": 59.06462,
    "lon": 6.19825,
    "name": "2",
  },
  Object {
    "lat": 59.08952,
    "lon": 6.32065,
    "name": "3",
  },
  Object {
    "lat": 59.14423,
    "lon": 6.50057,
    "name": "4",
  },
]
`;
